I'm sorry, but errors were detected in your script. Please correct the
errors listed below, and try again.


File "game/script.rpy", line 13: invalid syntax
    Character('Barkeep', color"#ffffff")
                                       ^

Ren'Py Version: Ren'Py 6.18.3.761
